\BOOKMARK [0][-]{chapter.1}{\376\377\0001\000\040\000F\000i\000l\000e\000\040\000I\000n\000d\000e\000x}{}% 1
\BOOKMARK [1][-]{section.1.1}{\376\377\0001\000.\0001\000\040\000F\000i\000l\000e\000\040\000L\000i\000s\000t}{chapter.1}% 2
\BOOKMARK [0][-]{chapter.2}{\376\377\0002\000\040\000F\000i\000l\000e\000\040\000D\000o\000c\000u\000m\000e\000n\000t\000a\000t\000i\000o\000n}{}% 3
\BOOKMARK [1][-]{section.2.1}{\376\377\0002\000.\0001\000\040\000/\000U\000s\000e\000r\000s\000/\000a\000n\000a\000s\000t\000a\000s\000i\000a\000t\000r\000u\000f\000a\000n\000o\000v\000a\000/\000D\000e\000s\000k\000t\000o\000p\000/\000l\000a\000b\0003\000\137\000g\000e\000n\000e\000r\000a\000t\000i\000o\000n\000/\000s\000r\000c\000/\000g\000e\000n\000.\000c\000p\000p\000\040\000F\000i\000l\000e\000\040\000R\000e\000f\000e\000r\000e\000n\000c\000e}{chapter.2}% 4
\BOOKMARK [2][-]{subsection.2.1.1}{\376\377\0002\000.\0001\000.\0001\000\040\000F\000u\000n\000c\000t\000i\000o\000n\000\040\000D\000o\000c\000u\000m\000e\000n\000t\000a\000t\000i\000o\000n}{section.2.1}% 5
\BOOKMARK [3][-]{subsubsection.2.1.1.1}{\376\377\0002\000.\0001\000.\0001\000.\0001\000\040\000g\000e\000n\000e\000r\000a\000t\000e\000\137\000a\000n\000d\000\137\000a\000n\000a\000l\000y\000z\000e\000\050\000\051}{subsection.2.1.1}% 6
\BOOKMARK [3][-]{subsubsection.2.1.1.2}{\376\377\0002\000.\0001\000.\0001\000.\0002\000\040\000l\000c\000g\000\137\000n\000e\000x\000t\000\050\000\051}{subsection.2.1.1}% 7
\BOOKMARK [3][-]{subsubsection.2.1.1.3}{\376\377\0002\000.\0001\000.\0001\000.\0003\000\040\000l\000c\000g\000\137\000s\000a\000m\000p\000l\000e\000\050\000\051}{subsection.2.1.1}% 8
\BOOKMARK [3][-]{subsubsection.2.1.1.4}{\376\377\0002\000.\0001\000.\0001\000.\0004\000\040\000m\000a\000i\000n\000\050\000\051}{subsection.2.1.1}% 9
\BOOKMARK [3][-]{subsubsection.2.1.1.5}{\376\377\0002\000.\0001\000.\0001\000.\0005\000\040\000m\000i\000d\000\137\000s\000q\000u\000a\000r\000e\000\137\000n\000e\000x\000t\000\050\000\051}{subsection.2.1.1}% 10
\BOOKMARK [3][-]{subsubsection.2.1.1.6}{\376\377\0002\000.\0001\000.\0001\000.\0006\000\040\000m\000i\000d\000\137\000s\000q\000u\000a\000r\000e\000\137\000s\000a\000m\000p\000l\000e\000\050\000\051}{subsection.2.1.1}% 11
\BOOKMARK [3][-]{subsubsection.2.1.1.7}{\376\377\0002\000.\0001\000.\0001\000.\0007\000\040\000m\000t\000\137\000s\000a\000m\000p\000l\000e\000\050\000\051}{subsection.2.1.1}% 12
\BOOKMARK [3][-]{subsubsection.2.1.1.8}{\376\377\0002\000.\0001\000.\0001\000.\0008\000\040\000t\000i\000m\000e\000\050\000\051}{subsection.2.1.1}% 13
\BOOKMARK [3][-]{subsubsection.2.1.1.9}{\376\377\0002\000.\0001\000.\0001\000.\0009\000\040\000t\000i\000m\000e\000\137\000s\000e\000e\000d\000\050\000\051}{subsection.2.1.1}% 14
\BOOKMARK [3][-]{subsubsection.2.1.1.10}{\376\377\0002\000.\0001\000.\0001\000.\0001\0000\000\040\000x\000o\000r\000s\000h\000i\000f\000t\000\137\000n\000e\000x\000t\000\050\000\051}{subsection.2.1.1}% 15
\BOOKMARK [3][-]{subsubsection.2.1.1.11}{\376\377\0002\000.\0001\000.\0001\000.\0001\0001\000\040\000x\000o\000r\000s\000h\000i\000f\000t\000\137\000s\000a\000m\000p\000l\000e\000\050\000\051}{subsection.2.1.1}% 16
\BOOKMARK [1][-]{section.2.2}{\376\377\0002\000.\0002\000\040\000g\000e\000n\000.\000c\000p\000p}{chapter.2}% 17
\BOOKMARK [1][-]{section.2.3}{\376\377\0002\000.\0003\000\040\000/\000U\000s\000e\000r\000s\000/\000a\000n\000a\000s\000t\000a\000s\000i\000a\000t\000r\000u\000f\000a\000n\000o\000v\000a\000/\000D\000e\000s\000k\000t\000o\000p\000/\000l\000a\000b\0003\000\137\000g\000e\000n\000e\000r\000a\000t\000i\000o\000n\000/\000s\000r\000c\000/\000g\000e\000n\000.\000h\000\040\000F\000i\000l\000e\000\040\000R\000e\000f\000e\000r\000e\000n\000c\000e}{chapter.2}% 18
\BOOKMARK [2][-]{subsection.2.3.1}{\376\377\0002\000.\0003\000.\0001\000\040\000F\000u\000n\000c\000t\000i\000o\000n\000\040\000D\000o\000c\000u\000m\000e\000n\000t\000a\000t\000i\000o\000n}{section.2.3}% 19
\BOOKMARK [3][-]{subsubsection.2.3.1.1}{\376\377\0002\000.\0003\000.\0001\000.\0001\000\040\000g\000e\000n\000e\000r\000a\000t\000e\000\137\000a\000n\000d\000\137\000a\000n\000a\000l\000y\000z\000e\000\050\000\051}{subsection.2.3.1}% 20
\BOOKMARK [3][-]{subsubsection.2.3.1.2}{\376\377\0002\000.\0003\000.\0001\000.\0002\000\040\000l\000c\000g\000\137\000n\000e\000x\000t\000\050\000\051}{subsection.2.3.1}% 21
\BOOKMARK [3][-]{subsubsection.2.3.1.3}{\376\377\0002\000.\0003\000.\0001\000.\0003\000\040\000l\000c\000g\000\137\000s\000a\000m\000p\000l\000e\000\050\000\051}{subsection.2.3.1}% 22
\BOOKMARK [3][-]{subsubsection.2.3.1.4}{\376\377\0002\000.\0003\000.\0001\000.\0004\000\040\000m\000i\000d\000\137\000s\000q\000u\000a\000r\000e\000\137\000n\000e\000x\000t\000\050\000\051}{subsection.2.3.1}% 23
\BOOKMARK [3][-]{subsubsection.2.3.1.5}{\376\377\0002\000.\0003\000.\0001\000.\0005\000\040\000m\000i\000d\000\137\000s\000q\000u\000a\000r\000e\000\137\000s\000a\000m\000p\000l\000e\000\050\000\051}{subsection.2.3.1}% 24
\BOOKMARK [3][-]{subsubsection.2.3.1.6}{\376\377\0002\000.\0003\000.\0001\000.\0006\000\040\000m\000t\000\137\000s\000a\000m\000p\000l\000e\000\050\000\051}{subsection.2.3.1}% 25
\BOOKMARK [3][-]{subsubsection.2.3.1.7}{\376\377\0002\000.\0003\000.\0001\000.\0007\000\040\000t\000i\000m\000e\000\050\000\051}{subsection.2.3.1}% 26
\BOOKMARK [3][-]{subsubsection.2.3.1.8}{\376\377\0002\000.\0003\000.\0001\000.\0008\000\040\000t\000i\000m\000e\000\137\000s\000e\000e\000d\000\050\000\051}{subsection.2.3.1}% 27
\BOOKMARK [3][-]{subsubsection.2.3.1.9}{\376\377\0002\000.\0003\000.\0001\000.\0009\000\040\000x\000o\000r\000s\000h\000i\000f\000t\000\137\000n\000e\000x\000t\000\050\000\051}{subsection.2.3.1}% 28
\BOOKMARK [3][-]{subsubsection.2.3.1.10}{\376\377\0002\000.\0003\000.\0001\000.\0001\0000\000\040\000x\000o\000r\000s\000h\000i\000f\000t\000\137\000s\000a\000m\000p\000l\000e\000\050\000\051}{subsection.2.3.1}% 29
\BOOKMARK [1][-]{section.2.4}{\376\377\0002\000.\0004\000\040\000g\000e\000n\000.\000h}{chapter.2}% 30
\BOOKMARK [1][-]{section.2.5}{\376\377\0002\000.\0005\000\040\000/\000U\000s\000e\000r\000s\000/\000a\000n\000a\000s\000t\000a\000s\000i\000a\000t\000r\000u\000f\000a\000n\000o\000v\000a\000/\000D\000e\000s\000k\000t\000o\000p\000/\000l\000a\000b\0003\000\137\000g\000e\000n\000e\000r\000a\000t\000i\000o\000n\000/\000s\000r\000c\000/\000n\000i\000s\000t\000.\000c\000p\000p\000\040\000F\000i\000l\000e\000\040\000R\000e\000f\000e\000r\000e\000n\000c\000e}{chapter.2}% 31
\BOOKMARK [2][-]{subsection.2.5.1}{\376\377\0002\000.\0005\000.\0001\000\040\000F\000u\000n\000c\000t\000i\000o\000n\000\040\000D\000o\000c\000u\000m\000e\000n\000t\000a\000t\000i\000o\000n}{section.2.5}% 32
\BOOKMARK [3][-]{subsubsection.2.5.1.1}{\376\377\0002\000.\0005\000.\0001\000.\0001\000\040\000b\000l\000o\000c\000k\000\137\000f\000r\000e\000q\000u\000e\000n\000c\000y\000\137\000t\000e\000s\000t\000\050\000\051}{subsection.2.5.1}% 33
\BOOKMARK [3][-]{subsubsection.2.5.1.2}{\376\377\0002\000.\0005\000.\0001\000.\0002\000\040\000c\000u\000s\000u\000m\000\137\000t\000e\000s\000t\000\050\000\051}{subsection.2.5.1}% 34
\BOOKMARK [3][-]{subsubsection.2.5.1.3}{\376\377\0002\000.\0005\000.\0001\000.\0003\000\040\000l\000o\000n\000g\000e\000s\000t\000\137\000r\000u\000n\000\137\000t\000e\000s\000t\000\050\000\051}{subsection.2.5.1}% 35
\BOOKMARK [3][-]{subsubsection.2.5.1.4}{\376\377\0002\000.\0005\000.\0001\000.\0004\000\040\000m\000o\000n\000o\000b\000i\000t\000\137\000t\000e\000s\000t\000\050\000\051}{subsection.2.5.1}% 36
\BOOKMARK [3][-]{subsubsection.2.5.1.5}{\376\377\0002\000.\0005\000.\0001\000.\0005\000\040\000P\000h\000i\000\050\000\051}{subsection.2.5.1}% 37
\BOOKMARK [3][-]{subsubsection.2.5.1.6}{\376\377\0002\000.\0005\000.\0001\000.\0006\000\040\000r\000u\000n\000s\000\137\000t\000e\000s\000t\000\050\000\051}{subsection.2.5.1}% 38
\BOOKMARK [1][-]{section.2.6}{\376\377\0002\000.\0006\000\040\000n\000i\000s\000t\000.\000c\000p\000p}{chapter.2}% 39
\BOOKMARK [1][-]{section.2.7}{\376\377\0002\000.\0007\000\040\000/\000U\000s\000e\000r\000s\000/\000a\000n\000a\000s\000t\000a\000s\000i\000a\000t\000r\000u\000f\000a\000n\000o\000v\000a\000/\000D\000e\000s\000k\000t\000o\000p\000/\000l\000a\000b\0003\000\137\000g\000e\000n\000e\000r\000a\000t\000i\000o\000n\000/\000s\000r\000c\000/\000n\000i\000s\000t\000.\000h\000\040\000F\000i\000l\000e\000\040\000R\000e\000f\000e\000r\000e\000n\000c\000e}{chapter.2}% 40
\BOOKMARK [2][-]{subsection.2.7.1}{\376\377\0002\000.\0007\000.\0001\000\040\000F\000u\000n\000c\000t\000i\000o\000n\000\040\000D\000o\000c\000u\000m\000e\000n\000t\000a\000t\000i\000o\000n}{section.2.7}% 41
\BOOKMARK [3][-]{subsubsection.2.7.1.1}{\376\377\0002\000.\0007\000.\0001\000.\0001\000\040\000b\000l\000o\000c\000k\000\137\000f\000r\000e\000q\000u\000e\000n\000c\000y\000\137\000t\000e\000s\000t\000\050\000\051}{subsection.2.7.1}% 42
\BOOKMARK [3][-]{subsubsection.2.7.1.2}{\376\377\0002\000.\0007\000.\0001\000.\0002\000\040\000c\000u\000s\000u\000m\000\137\000t\000e\000s\000t\000\050\000\051}{subsection.2.7.1}% 43
\BOOKMARK [3][-]{subsubsection.2.7.1.3}{\376\377\0002\000.\0007\000.\0001\000.\0003\000\040\000l\000o\000n\000g\000e\000s\000t\000\137\000r\000u\000n\000\137\000t\000e\000s\000t\000\050\000\051}{subsection.2.7.1}% 44
\BOOKMARK [3][-]{subsubsection.2.7.1.4}{\376\377\0002\000.\0007\000.\0001\000.\0004\000\040\000m\000o\000n\000o\000b\000i\000t\000\137\000t\000e\000s\000t\000\050\000\051}{subsection.2.7.1}% 45
\BOOKMARK [3][-]{subsubsection.2.7.1.5}{\376\377\0002\000.\0007\000.\0001\000.\0005\000\040\000P\000h\000i\000\050\000\051}{subsection.2.7.1}% 46
\BOOKMARK [3][-]{subsubsection.2.7.1.6}{\376\377\0002\000.\0007\000.\0001\000.\0006\000\040\000r\000u\000n\000s\000\137\000t\000e\000s\000t\000\050\000\051}{subsection.2.7.1}% 47
\BOOKMARK [1][-]{section.2.8}{\376\377\0002\000.\0008\000\040\000n\000i\000s\000t\000.\000h}{chapter.2}% 48
\BOOKMARK [1][-]{section.2.9}{\376\377\0002\000.\0009\000\040\000/\000U\000s\000e\000r\000s\000/\000a\000n\000a\000s\000t\000a\000s\000i\000a\000t\000r\000u\000f\000a\000n\000o\000v\000a\000/\000D\000e\000s\000k\000t\000o\000p\000/\000l\000a\000b\0003\000\137\000g\000e\000n\000e\000r\000a\000t\000i\000o\000n\000/\000s\000r\000c\000/\000s\000t\000a\000t\000s\000.\000c\000p\000p\000\040\000F\000i\000l\000e\000\040\000R\000e\000f\000e\000r\000e\000n\000c\000e}{chapter.2}% 49
\BOOKMARK [2][-]{subsection.2.9.1}{\376\377\0002\000.\0009\000.\0001\000\040\000F\000u\000n\000c\000t\000i\000o\000n\000\040\000D\000o\000c\000u\000m\000e\000n\000t\000a\000t\000i\000o\000n}{section.2.9}% 50
\BOOKMARK [3][-]{subsubsection.2.9.1.1}{\376\377\0002\000.\0009\000.\0001\000.\0001\000\040\000c\000h\000e\000c\000k\000i\000n\000g\000\137\000c\000h\000i\0002\000\050\000\051}{subsection.2.9.1}% 51
\BOOKMARK [3][-]{subsubsection.2.9.1.2}{\376\377\0002\000.\0009\000.\0001\000.\0002\000\040\000c\000h\000i\0002\000\137\000e\000x\000p\000\050\000\051}{subsection.2.9.1}% 52
\BOOKMARK [3][-]{subsubsection.2.9.1.3}{\376\377\0002\000.\0009\000.\0001\000.\0003\000\040\000c\000h\000i\0002\000\137\000t\000e\000o\000r\000\050\000\051}{subsection.2.9.1}% 53
\BOOKMARK [3][-]{subsubsection.2.9.1.4}{\376\377\0002\000.\0009\000.\0001\000.\0004\000\040\000c\000v\000\050\000\051}{subsection.2.9.1}% 54
\BOOKMARK [3][-]{subsubsection.2.9.1.5}{\376\377\0002\000.\0009\000.\0001\000.\0005\000\040\000m\000e\000a\000n\000\050\000\051}{subsection.2.9.1}% 55
\BOOKMARK [3][-]{subsubsection.2.9.1.6}{\376\377\0002\000.\0009\000.\0001\000.\0006\000\040\000s\000t\000d\000d\000e\000v\000\050\000\051}{subsection.2.9.1}% 56
\BOOKMARK [1][-]{section.2.10}{\376\377\0002\000.\0001\0000\000\040\000s\000t\000a\000t\000s\000.\000c\000p\000p}{chapter.2}% 57
\BOOKMARK [1][-]{section.2.11}{\376\377\0002\000.\0001\0001\000\040\000/\000U\000s\000e\000r\000s\000/\000a\000n\000a\000s\000t\000a\000s\000i\000a\000t\000r\000u\000f\000a\000n\000o\000v\000a\000/\000D\000e\000s\000k\000t\000o\000p\000/\000l\000a\000b\0003\000\137\000g\000e\000n\000e\000r\000a\000t\000i\000o\000n\000/\000s\000r\000c\000/\000s\000t\000a\000t\000s\000.\000h\000\040\000F\000i\000l\000e\000\040\000R\000e\000f\000e\000r\000e\000n\000c\000e}{chapter.2}% 58
\BOOKMARK [2][-]{subsection.2.11.1}{\376\377\0002\000.\0001\0001\000.\0001\000\040\000F\000u\000n\000c\000t\000i\000o\000n\000\040\000D\000o\000c\000u\000m\000e\000n\000t\000a\000t\000i\000o\000n}{section.2.11}% 59
\BOOKMARK [3][-]{subsubsection.2.11.1.1}{\376\377\0002\000.\0001\0001\000.\0001\000.\0001\000\040\000c\000h\000e\000c\000k\000i\000n\000g\000\137\000c\000h\000i\0002\000\050\000\051}{subsection.2.11.1}% 60
\BOOKMARK [3][-]{subsubsection.2.11.1.2}{\376\377\0002\000.\0001\0001\000.\0001\000.\0002\000\040\000c\000h\000i\0002\000\137\000e\000x\000p\000\050\000\051}{subsection.2.11.1}% 61
\BOOKMARK [3][-]{subsubsection.2.11.1.3}{\376\377\0002\000.\0001\0001\000.\0001\000.\0003\000\040\000c\000h\000i\0002\000\137\000t\000e\000o\000r\000\050\000\051}{subsection.2.11.1}% 62
\BOOKMARK [3][-]{subsubsection.2.11.1.4}{\376\377\0002\000.\0001\0001\000.\0001\000.\0004\000\040\000c\000v\000\050\000\051}{subsection.2.11.1}% 63
\BOOKMARK [3][-]{subsubsection.2.11.1.5}{\376\377\0002\000.\0001\0001\000.\0001\000.\0005\000\040\000m\000e\000a\000n\000\050\000\051}{subsection.2.11.1}% 64
\BOOKMARK [3][-]{subsubsection.2.11.1.6}{\376\377\0002\000.\0001\0001\000.\0001\000.\0006\000\040\000s\000t\000d\000d\000e\000v\000\050\000\051}{subsection.2.11.1}% 65
\BOOKMARK [1][-]{section.2.12}{\376\377\0002\000.\0001\0002\000\040\000s\000t\000a\000t\000s\000.\000h}{chapter.2}% 66
\BOOKMARK [0][-]{section*.7}{\376\377\000I\000n\000d\000e\000x}{}% 67
